// Vitest Snapshot v1, https://vitest.dev/guide/snapshot.html

exports[`CollaboratorSummary > shows collaborators with manage access for owner 1`] = `
<section
  class="mb-6 rounded-lg border border-gray-200 bg-white p-4 shadow-sm dark:border-gray-700 dark:bg-gray-800"
>
  <div
    class="flex flex-wrap items-center justify-between gap-3"
  >
    <div
      class="flex items-center gap-2"
    >
      <svg
        class="lucide lucide-users h-4 w-4 text-gray-500 dark:text-gray-400"
        fill="none"
        height="24"
        stroke="currentColor"
        stroke-linecap="round"
        stroke-linejoin="round"
        stroke-width="2"
        viewBox="0 0 24 24"
        width="24"
        xmlns="http://www.w3.org/2000/svg"
      >
        <path
          d="M16 21v-2a4 4 0 0 0-4-4H6a4 4 0 0 0-4 4v2"
        />
        <circle
          cx="9"
          cy="7"
          r="4"
        />
        <path
          d="M22 21v-2a4 4 0 0 0-3-3.87"
        />
        <path
          d="M16 3.13a4 4 0 0 1 0 7.75"
        />
      </svg>
      <h3
        class="text-sm font-semibold uppercase tracking-wide text-gray-500 dark:text-gray-400"
      >
        Collaborators
      </h3>
      <span
        class="text-sm text-gray-500 dark:text-gray-400"
      >
        2
         
        people
      </span>
    </div>
    <button
      class="inline-flex items-center justify-center whitespace-nowrap text-sm font-medium transition-all disabled:pointer-events-none disabled:opacity-50 [&_svg]:pointer-events-none [&_svg:not([class*='size-'])]:size-4 shrink-0 [&_svg]:shrink-0 outline-none focus-visible:border-ring focus-visible:ring-ring/50 focus-visible:ring-[3px] aria-invalid:ring-destructive/20 dark:aria-invalid:ring-destructive/40 aria-invalid:border-destructive border bg-background text-foreground hover:bg-accent hover:text-accent-foreground dark:bg-input/30 dark:border-input dark:hover:bg-input/50 h-8 rounded-md gap-1.5 px-3 has-[>svg]:px-2.5"
      data-slot="button"
    >
      <svg
        class="lucide lucide-users mr-2 h-4 w-4"
        fill="none"
        height="24"
        stroke="currentColor"
        stroke-linecap="round"
        stroke-linejoin="round"
        stroke-width="2"
        viewBox="0 0 24 24"
        width="24"
        xmlns="http://www.w3.org/2000/svg"
      >
        <path
          d="M16 21v-2a4 4 0 0 0-4-4H6a4 4 0 0 0-4 4v2"
        />
        <circle
          cx="9"
          cy="7"
          r="4"
        />
        <path
          d="M22 21v-2a4 4 0 0 0-3-3.87"
        />
        <path
          d="M16 3.13a4 4 0 0 1 0 7.75"
        />
      </svg>
      Manage
    </button>
  </div>
  <div
    class="mt-3 flex flex-wrap gap-2"
  >
    <div
      class="flex items-center gap-2 rounded-full border border-gray-200 bg-gray-50 px-3 py-1 text-xs uppercase tracking-wide dark:border-gray-700 dark:bg-gray-900"
    >
      <span
        class="relative flex size-10 shrink-0 overflow-hidden rounded-full h-6 w-6 border border-gray-200 text-[0.65rem] font-semibold dark:border-gray-600"
        data-slot="avatar"
      >
        <span
          class="bg-muted flex size-full items-center justify-center rounded-full"
          data-slot="avatar-fallback"
        >
          OO
        </span>
      </span>
      <div
        class="flex flex-col text-left normal-case leading-tight"
      >
        <div
          class="flex items-center gap-1"
        >
          <span
            class="text-[0.75rem] font-semibold text-gray-800 dark:text-gray-100"
          >
            Owner One
          </span>
          <span
            class="rounded-full bg-blue-100 px-1.5 py-[1px] text-[0.55rem] font-semibold uppercase text-blue-700 dark:bg-blue-500/20 dark:text-blue-300"
          >
            You
          </span>
        </div>
        <span
          class="text-[0.65rem] text-gray-500 dark:text-gray-400"
        >
          Owner
        </span>
        <span
          class="text-[0.6rem] text-gray-400 dark:text-gray-500"
        >
          owner@example.com
        </span>
      </div>
    </div>
    <div
      class="flex items-center gap-2 rounded-full border border-gray-200 bg-gray-50 px-3 py-1 text-xs uppercase tracking-wide dark:border-gray-700 dark:bg-gray-900"
    >
      <span
        class="relative flex size-10 shrink-0 overflow-hidden rounded-full h-6 w-6 border border-gray-200 text-[0.65rem] font-semibold dark:border-gray-600"
        data-slot="avatar"
      >
        <span
          class="bg-muted flex size-full items-center justify-center rounded-full"
          data-slot="avatar-fallback"
        >
          GG
        </span>
      </span>
      <div
        class="flex flex-col text-left normal-case leading-tight"
      >
        <div
          class="flex items-center gap-1"
        >
          <span
            class="text-[0.75rem] font-semibold text-gray-800 dark:text-gray-100"
          >
            Guardian Gal
          </span>
        </div>
        <span
          class="text-[0.65rem] text-gray-500 dark:text-gray-400"
        >
          Viewer
        </span>
        <span
          class="text-[0.6rem] text-gray-400 dark:text-gray-500"
        >
          guardian@example.com
        </span>
      </div>
    </div>
  </div>
</section>
`;
