// Vitest Snapshot v1, https://vitest.dev/guide/snapshot.html

exports[`GroupedView > renders grouped plot points and handles drop updates 1`] = `
<div
  data-testid="dnd-provider"
>
  <div
    class="grid grid-cols-1 md:grid-cols-2 lg:grid-cols-3 gap-4"
  >
    <div
      class="border-2 rounded-lg p-4 min-h-[200px] border-slate-300 dark:border-slate-700 "
    >
      <h3
        class="mb-3"
      >
        Introduction
      </h3>
      <div
        class="space-y-2"
      >
        <div
          class="cursor-move"
        >
          <div
            data-testid="plot-p1"
          >
            Arrival
             (
            Introduction
            )
          </div>
        </div>
      </div>
    </div>
    <div
      class="border-2 rounded-lg p-4 min-h-[200px] border-red-300 dark:border-red-700 "
    >
      <h3
        class="mb-3"
      >
        Conflict
      </h3>
      <div
        class="space-y-2"
      >
        <div
          class="cursor-move"
        >
          <div
            data-testid="plot-p2"
          >
            Conflict arises
             (
            Conflict
            )
          </div>
        </div>
      </div>
    </div>
  </div>
</div>
`;
