// Vitest Snapshot v1, https://vitest.dev/guide/snapshot.html

exports[`ImageWithFallback > renders fallback when image load fails 1`] = `
<div
  class="inline-block bg-gray-100 text-center align-middle "
>
  <div
    class="flex items-center justify-center w-full h-full"
  >
    <img
      alt="Error loading image"
      data-original-url="broken.png"
      src="data:image/svg+xml;base64,PHN2ZyB3aWR0aD0iODgiIGhlaWdodD0iODgiIHhtbG5zPSJodHRwOi8vd3d3LnczLm9yZy8yMDAwL3N2ZyIgc3Ryb2tlPSIjMDAwIiBzdHJva2UtbGluZWpvaW49InJvdW5kIiBvcGFjaXR5PSIuMyIgZmlsbD0ibm9uZSIgc3Ryb2tlLXdpZHRoPSIzLjciPjxyZWN0IHg9IjE2IiB5PSIxNiIgd2lkdGg9IjU2IiBoZWlnaHQ9IjU2IiByeD0iNiIvPjxwYXRoIGQ9Im0xNiA1OCAxNi0xOCAzMiAzMiIvPjxjaXJjbGUgY3g9IjUzIiBjeT0iMzUiIHI9IjciLz48L3N2Zz4KCg=="
    />
  </div>
</div>
`;

exports[`ImageWithFallback > renders provided image source initially 1`] = `
<img
  alt="Project logo"
  src="logo.png"
/>
`;
